// Jest Snapshot v1, https://goo.gl/fbAQLP

exports[`Indecision app debe hacer match con el snapshot 1`] = `
<div>
  <!--v-if-->
  <div class="bg-dark"></div>
  <div class="indecision-container"><input type="text" name="" id="" placeholder="Hazme una pregunta">
    <p>Recuerda terminar con un signo de interrogaciónv(?)</p>
    <!--v-if-->
  </div>
</div>
`;
